Move disk 1 from LEFT to CENTER
Move disk 2 from LEFT to RIGHT
Move disk 1 from CENTER to RIGHT
Move disk 3 from LEFT to CENTER
Move disk 1 from RIGHT to LEFT
Move disk 2 from RIGHT to CENTER
Move disk 1 from LEFT to CENTER
Move disk 4 from LEFT to RIGHT
Move disk 1 from CENTER to RIGHT
Move disk 2 from CENTER to LEFT
Move disk 1 from RIGHT to LEFT
Move disk 3 from CENTER to RIGHT
Move disk 1 from LEFT to CENTER
Move disk 2 from LEFT to RIGHT
Move disk 1 from CENTER to RIGHT
